// Jest Snapshot v1, https://goo.gl/fbAQLP

exports[`Dialog Should renders correctly 1`] = `<DocumentFragment />`;

exports[`Dialog Should renders correctly 2`] = `<DocumentFragment />`;
