// Jest Snapshot v1, https://goo.gl/fbAQLP

exports[`Counter Should renders correctly 1`] = `
<DocumentFragment>
  <div
    class="v-counter"
  >
    <button>
      -
    </button>
    <span>
      0
    </span>
    <button>
      +
    </button>
  </div>
</DocumentFragment>
`;
