// Jest Snapshot v1, https://goo.gl/fbAQLP

exports[`MovieDetails Should renders correctly 1`] = `[Function]`;
